file web/src/App.tsx lang=tsx flags= size=295 lines=10
extractor ts-tags/1;cast/1;tsx=0.23.2@089967c5
def #0 type Props @3:6-3:11 body=3-3 parent=- in="" flags=0 sig="type Props = { title: string };" doc=""
def #1 function App @5:17-5:20 body=5-8 parent=- in="" flags=1 sig="export function App({ title }: Props) {" doc=""
def #2 function Header @10:14-10:20 body=10-10 parent=- in="" flags=1 sig="export const Header = (props: Props) => <h1>{props.title}</h1>;" doc=""
ref type Props @5:32-37 in=1
ref call useState @6:29-37 in=1
ref call setCount @7:33-41 in=1
ref type Props @10:31-36 in=2
chunk lines=1-1 bytes=0-33 kind=block def=- symbol="" tokens=10 hash=9bcc5bcb070368e42b6bf71ca4b9d6b67691ee5a4a221c994dbd737ab415d210
chunk lines=3-3 bytes=35-66 kind=type def=0 symbol="Props" tokens=9 hash=07c5f2217ccaddedccbc63c13aaeed88869f9fe901b7ecb864191d0ec089f0b9
chunk lines=5-8 bytes=68-229 kind=function def=1 symbol="App" tokens=46 hash=4e9329c0c16a9fdfd02c9e9571d4a3f25c316671499ff1f81441b2d575a54d2c
chunk lines=10-10 bytes=231-294 kind=function def=2 symbol="Header" tokens=19 hash=45b87c5554c435194f18c095c6570429ed2cf11c67ff1f86fccc7f78106233f4
