file src/router.rs lang=rust flags= size=784 lines=47
extractor ts-tags/1;cast/2;rust=0.24.2@fb314420
def #0 const MAX_ROUTES @4:11-4:21 body=4-4 parent=- in="" flags=1 sig="pub const MAX_ROUTES: usize = 64;" doc=""
def #1 struct Router @7:12-7:18 body=7-9 parent=- in="" flags=1 sig="pub struct Router {" doc=""
def #2 enum Method @11:10-11:16 body=11-14 parent=- in="" flags=1 sig="pub enum Method {" doc=""
def #3 trait Handler @16:11-16:18 body=16-18 parent=- in="" flags=1 sig="pub trait Handler {" doc=""
def #4 method handle @17:8-17:14 body=17-17 parent=3 in="Handler" flags=0 sig="fn handle(&self, path: &str) -> String;" doc=""
def #5 method new @21:12-21:15 body=21-23 parent=- in="Router" flags=1 sig="pub fn new() -> Self {" doc=""
def #6 method route @25:12-25:17 body=25-28 parent=- in="Router" flags=1 sig="pub fn route(&self, path: &str) -> Option<String> {" doc=""
def #7 module util @31:5-31:9 body=31-35 parent=- in="" flags=0 sig="mod util {" doc=""
def #8 function normalize @32:12-32:21 body=32-34 parent=7 in="util" flags=1 sig="pub fn normalize(p: &str) -> String {" doc=""
def #9 macro route @37:14-37:19 body=37-41 parent=- in="" flags=0 sig="macro_rules! route {" doc=""
def #10 function routes_nothing @44:4-44:18 body=44-47 parent=- in="" flags=2 sig="fn routes_nothing() {" doc=""
ref implementation Router @20:6-12 in=-
ref call new @22:35-38 in=5
ref call get @26:29-32 in=6
ref call Some @27:9-13 in=6
ref call handle @27:16-22 in=6
ref call trim_end_matches @33:11-27 in=8
ref call to_string @33:33-42 in=8
ref call new @45:21-24 in=10
ref call assert @46:5-11 in=10
chunk lines=1-2 bytes=0-64 kind=block def=- symbol="" tokens=19 hash=8295862fa10a332e26fe19d3592c02c5e61e4332dfd0f96e0e6a48d9d0d13709
chunk lines=4-4 bytes=66-99 kind=const def=0 symbol="MAX_ROUTES" tokens=10 hash=a06568c2ef3c72c5c56fb97837508fea61e640a9a9c8a96ffce36aeffe0663fd
chunk lines=6-9 bytes=101-188 kind=struct def=1 symbol="Router" tokens=24 hash=55b137f69f4bbe2417d01daf74365b969702d1d4e2b9b221dc4961e38747aef3
chunk lines=11-14 bytes=190-228 kind=enum def=2 symbol="Method" tokens=8 hash=986fd48cd72e6b6c1c0ec3bbe80ef768adea49c5755fe4c2d47b0c35edacb31a
chunk lines=16-18 bytes=230-295 kind=trait def=3 symbol="Handler" tokens=17 hash=d00a980cf1ab2513e985e46e9eb412f8f339b43e26178f5835cf5bdb1c3c521c
chunk lines=20-29 bytes=297-519 kind=impl def=- symbol="Router" tokens=51 hash=2d836b8169e830d9d6f8c2e13888028416da2d7f4aeb2f7b789a47d1dbdb9cc2
chunk lines=31-35 bytes=521-625 kind=module def=7 symbol="util" tokens=26 hash=1c9a6da9b88b74587d8e89643865b271642bdffb6085a2493f558bfa45bc092a
chunk lines=37-41 bytes=627-686 kind=macro def=9 symbol="route" tokens=12 hash=4261865b831c2721e3c1104b0638b18d57fff7ff7f8d676cf8383928b7ace960
chunk lines=43-47 bytes=688-783 kind=function def=10 symbol="routes_nothing" tokens=26 hash=c20053128bd1187008248736520bb103553f8ce45330aec0cd7a2d42104da4c6
